[paltonmorgan.com/index.html]
[backblue.gif]
[fade.gif]
[index.html]
[paltonmorgan.com/naresus/2020/10/Palton-morgan-logo2.png]
[paltonmorgan.com/feed/index.html]
[paltonmorgan.com/comments/feed/index.html]
[paltonmorgan.com/sesupeh/fonts/Business/Business.woff]
[paltonmorgan.com/sesupeh/fonts/Business/Business.ttf]
[paltonmorgan.com/sesupeh/fonts/Design/Design.woff]
[paltonmorgan.com/sesupeh/fonts/Design/Design.ttf]
[paltonmorgan.com/sesupeh/fonts/Dripicons/Dripicons.woff]
[paltonmorgan.com/sesupeh/fonts/Dripicons/Dripicons.ttf]
[paltonmorgan.com/sesupeh/fonts/Essential/Essential.woff]
[paltonmorgan.com/sesupeh/fonts/Essential/Essential.ttf]
[paltonmorgan.com/sesupeh/fonts/FontAwesome/FontAwesome.woff]
[paltonmorgan.com/sesupeh/fonts/FontAwesome/FontAwesome.ttf]
[paltonmorgan.com/sesupeh/fonts/FontAwesome5Brands/FontAwesome5Brands.woff]
[paltonmorgan.com/sesupeh/fonts/FontAwesome5Brands/FontAwesome5Brands.ttf]
[paltonmorgan.com/sesupeh/fonts/FontAwesome5Regular/FontAwesome5Regular.woff]
[paltonmorgan.com/sesupeh/fonts/FontAwesome5Regular/FontAwesome5Regular.ttf]
[paltonmorgan.com/sesupeh/fonts/FontAwesome5Solid/FontAwesome5Solid.woff]
[paltonmorgan.com/sesupeh/fonts/FontAwesome5Solid/FontAwesome5Solid.ttf]
[paltonmorgan.com/sesupeh/fonts/Highlight/Highlight.woff]
[paltonmorgan.com/sesupeh/fonts/Highlight/Highlight.ttf]
[paltonmorgan.com/sesupeh/fonts/Icon7Stroke/Icon7Stroke.woff]
[paltonmorgan.com/sesupeh/fonts/Icon7Stroke/Icon7Stroke.ttf]
[paltonmorgan.com/sesupeh/fonts/Law/Law.woff]
[paltonmorgan.com/sesupeh/fonts/Law/Law.ttf]
[paltonmorgan.com/rohuneg/litespeed/js/89dff6d0c9d55dcb611c3e60ed9788bd528b.js]
[paltonmorgan.com/pamumof/js/jquery/jquery.min5aed.js]
[paltonmorgan.com/rohuneg/litespeed/js/2b0308b30a87fc7789e02989888706332106.js]
[paltonmorgan.com/rohuneg/litespeed/js/5348140b910a1b1b9bb821734bb6b2bded3d.js]
[paltonmorgan.com/rohuneg/litespeed/js/3f5c798a7324996eff20c53c7acde63da787.js]
[paltonmorgan.com/rohuneg/litespeed/js/8d8e4ce536a9cb212b354f2cb3b4ed908aa5.js]
[paltonmorgan.com/rohuneg/litespeed/js/c5f5d2779946b34a81e88bb83a3851daa494.js]
[paltonmorgan.com/wp-json/wp/v2/pages/3791.json]
[paltonmorgan.com/wp-json/index.html]
[paltonmorgan.com/sosegiq0db0.php]
[paltonmorgan.com/pamumof/wlwmanifest.xml]
[paltonmorgan.com/wp-json/oembed/1.0/embed8421.json]
[paltonmorgan.com/wp-json/oembed/1.0/embedf888]
[paltonmorgan.com/naresus/2020/10/cropped-Palton-morgan-logo-32x32.png]
[paltonmorgan.com/naresus/2020/10/cropped-Palton-morgan-logo-192x192.png]
[paltonmorgan.com/naresus/2020/10/cropped-Palton-morgan-logo-180x180.png]
[paltonmorgan.com/naresus/2021/02/logo-15.png]
[paltonmorgan.com/contact/index.html]
[paltonmorgan.com/board-of-directors/index.html]
[paltonmorgan.com/about-us/index.html]
[paltonmorgan.com/management-team/index.html]
[paltonmorgan.com/rockhampton/index.html]
[paltonmorgan.com/l5-banana/index.html]
[paltonmorgan.com/https_/paltonmorgan.com/naresus/2019/10/hero_home_04-1.55.delayed]
[paltonmorgan.com/skyvilla/index.html]
[paltonmorgan.com/cerulean-towers/index.html]
[paltonmorgan.com/paramount-twin-towers/index.html]
[paltonmorgan.com/claren-villas/index.html]
[paltonmorgan.com/grenadines-resort/index.html]
[paltonmorgan.com/https_/paltonmorgan.com/naresus/2020/10/african-business-male-people-shaking-hands1.png]
[paltonmorgan.com/category/blogs/index.html]
[paltonmorgan.com/shonny-park-place/index.html]
[paltonmorgan.com/category/news/index.html]
[paltonmorgan.com/events-media/index.html]
[paltonmorgan.com/careers/index.html]
[paltonmorgan.com/careers/realtors/index.html]
[paltonmorgan.com/https_/paltonmorgan.com/naresus/2021/02/palton-turban.jpg]
[paltonmorgan.com/naresus/2021/02/Palton-Paromount.jpg]
[paltonmorgan.com/naresus/2020/11/v011.jpg]
[paltonmorgan.com/naresus/2020/11/3-Bed-jewel1.jpg]
[paltonmorgan.com/https_/paltonmorgan.com/pipujir/img/blank.gif]
[paltonmorgan.com/naresus/2020/10/portrait-of-handsome-african-black-young-business-man-working-on-laptop-at-office-desk2.png]
[paltonmorgan.com/naresus/2020/10/tamarcus-brown-29pFbI_D1Sc-unsplash.png]
[paltonmorgan.com/naresus/2020/10/taylor-grote-UiVe5QvOhao-unsplash1.png]
[paltonmorgan.com/naresus/2020/10/tyler-nix-ZGa9d1a_4tA-unsplash.png]
[paltonmorgan.com/https_/paltonmorgan.com/naresus/2020/10/african-american-business-woman-with-laptop1.png]
[paltonmorgan.com/naresus/2019/10/client-logo-01.png]
[paltonmorgan.com/naresus/2019/10/client-logo-02.png]
[paltonmorgan.com/naresus/2019/10/client-logo-03.png]
[paltonmorgan.com/naresus/2019/10/client-logo-04.png]
[paltonmorgan.com/naresus/2019/10/client-logo-05.png]
[paltonmorgan.com/naresus/2019/10/client-logo-06.png]
[paltonmorgan.com/naresus/2019/10/client-logo-07.png]
[paltonmorgan.com/rohuneg/litespeed/js/5f470ce371c39c57e598e9498cb258704d31.js]
[paltonmorgan.com/rohuneg/litespeed/js/6a789226701ab09dc4f353e8e4626de1d1c4.js]
[paltonmorgan.com/media/index.html]
[paltonmorgan.com/sesupeh]
[paltonmorgan.com/rtuiht4uv94g8/admin-ajax.72.delayed]
[paltonmorgan.com/rohuneg/litespeed/js/a6b62fc14c48a2dd0297ce2140c42c68f6a1.js]
[paltonmorgan.com/rohuneg/litespeed/js/83bdbb998f5fb6f8c92f402f6c02a085c804.js]
[paltonmorgan.com/rohuneg/litespeed/js/a61164050123411497c8cfe7c5f743c89e8f.js]
[paltonmorgan.com/rohuneg/litespeed/js/f4eac722a62dce767dc4e5185a33cf5932c0.js]
[paltonmorgan.com/rohuneg/litespeed/js/d663a74149ec774b1ace87a41a7ea307793d.js]
[paltonmorgan.com/rohuneg/litespeed/js/14367caabdfbd816bd946ed596eaad615454.js]
[paltonmorgan.com/rohuneg/litespeed/js/2cc7d3cb094bcc7944a718c09acf0645a197.js]
[paltonmorgan.com/rohuneg/litespeed/js/6f23444207e9d3ed10577fa3e0759c70345f.js]
[paltonmorgan.com/rohuneg/litespeed/js/42d35052cda4427efa16a77835bc06c4f105.js]
[paltonmorgan.com/rohuneg/litespeed/js/3c57ca5d94770dac81b1cdaf09b36008c1e3.js]
[paltonmorgan.com/rohuneg/litespeed/js/752b61169a2d6782b7099669827373e0c18a.js]
[paltonmorgan.com/rohuneg/litespeed/js/47e8903c5b539b6ec4a67a151aa60a41cf8d.js]
[paltonmorgan.com/rohuneg/litespeed/js/d370bb3f15299c57cceed4f04c092669d94f.js]
[paltonmorgan.com/rohuneg/litespeed/js/ee79ff1d665204b82396b7bfa60aa1fede3f.js]
[paltonmorgan.com/rohuneg/litespeed/js/86abffa64833b4507f25294308d5150e072c.js]
[paltonmorgan.com/rohuneg/litespeed/js/f92b42fb5abee209937daf66241492b3c934.js]
[paltonmorgan.com/rohuneg/litespeed/js/8d7b78e4cba4b8dd79c9e2a26e06ae1f904e.js]
[paltonmorgan.com/rohuneg/litespeed/js/924d07f9368d244ec954acb4e81a2491abb7.js]
[paltonmorgan.com/rohuneg/litespeed/js/81b1c3a814fd0bb2d8d1347c179a684493ae.js]
[paltonmorgan.com/rohuneg/litespeed/js/32df14dadbeb29d1d97c84d6cd193bc59f7d.js]
[paltonmorgan.com/rohuneg/litespeed/js/05a1f61bf3a19cfa4b0699456486dca43869.js]
[paltonmorgan.com/rohuneg/litespeed/js/a7a942da9f7ee217e64a782a89ae8b15d478.js]
[paltonmorgan.com/rohuneg/litespeed/js/3c4f03bc05231ff0b23b8211b1648c91aeb2.js]
[paltonmorgan.com/rohuneg/litespeed/js/c6fc92b3a87e6c9807d9c4c248b321abca07.js]
[paltonmorgan.com/rohuneg/litespeed/js/af7cff7cc24cc42c3494c9b382f9a8561eb8.js]
[paltonmorgan.com/rohuneg/litespeed/js/a0bd2fb478beb2a86441a4671f0584357113.js]
[paltonmorgan.com/rohuneg/litespeed/js/35116958550c0c0957113791c3aef1c24b81.js]
[paltonmorgan.com/rohuneg/litespeed/js/da97d515c045f3a27001deb93f836cfa3f51.js]
[paltonmorgan.com/index.html]
[paltonmorgan.com/rohuneg/litespeed/css/e237dfe772a46a7b56449fd1e9aedc5fd443.css]
[paltonmorgan.com/rohuneg/litespeed/css/c12b3a87b8066debf01c053f7b93e949bb16.css]
[paltonmorgan.com/pipujir/fonts/Pe-icon-7-strokebb1d.eot]
[paltonmorgan.com/rohuneg/litespeed/css/9ef04083b10d2d4f2afc2262f61c8e2d4bf5.css]
[paltonmorgan.com/rohuneg/litespeed/css/88a4ba7ec2b4d24f5a7574eb3b7ebf70ebe2.css]
[paltonmorgan.com/plugins/woocommerce/assets/images/icons/loader.svg]
[paltonmorgan.com/rohuneg/litespeed/css/921337446d9666a6f07c31b7e13103d8a5e3.css]
[paltonmorgan.com/rohuneg/litespeed/css/7ef861982cb554d256510021809cdf14dfd0.css]
[paltonmorgan.com/rohuneg/litespeed/css/31044ea2513a01fb9bbcfc19d139fce6b0fe.css]
[paltonmorgan.com/rohuneg/litespeed/css/0e5fe2d09bb7a655851b966046780a64535e.css]
[paltonmorgan.com/rohuneg/litespeed/css/19b98482c70780d8b8361f9c33ee2f3a95e8.css]
[paltonmorgan.com/vedagim/assets/lib/eicons/fonts/eiconsb732.eot]
[paltonmorgan.com/rohuneg/litespeed/css/36c6ac6ad9ae47e89d0ac4e43327c394428b.css]
[paltonmorgan.com/rohuneg/litespeed/css/6c6f460ca652ab52b1cc134274f6e6b11936.css]
[paltonmorgan.com/rohuneg/litespeed/css/d4422023a676c8165ff82f6c7b09359f7947.css]
[paltonmorgan.com/rohuneg/litespeed/css/2084d213af760848f025587cf4cf9be0c3f7.css]
[paltonmorgan.com/rohuneg/litespeed/css/a61f636803f7ef098693613f55b7f3c4432c.css]
[paltonmorgan.com/rohuneg/litespeed/css/025f36db7232ebeab3b57d75ca6786739503.css]
[paltonmorgan.com/vedagim/assets/lib/font-awesome/webfonts/fa-brands-400.eot]
[paltonmorgan.com/rohuneg/litespeed/css/112172852f272b633da1c1c10e4970f891a1.css]
[paltonmorgan.com/rohuneg/litespeed/css/b54537576e1cb89da1efeb0e9279f422082c.css]
[paltonmorgan.com/rohuneg/litespeed/css/073d264acc7b9729af03fce3cea1bbe5c0ee.css]
[paltonmorgan.com/naresus/2020/11/Palton-Hompage-2-1.jpg]
[paltonmorgan.com/rohuneg/litespeed/css/a83c551eb45a2c31e4defbdb73cc9771d5f1.css]
[paltonmorgan.com/gogumir/assets/fonts/happy-icons.woff2]
[paltonmorgan.com/gogumir/assets/fonts/happy-icons.woff]
[paltonmorgan.com/rohuneg/litespeed/css/4871c5f1af6ca5b0644a53c45349a9ad42f6.css]
[paltonmorgan.com/vedagim/assets/lib/font-awesome/fonts/fontawesome-webfont3e6e.eot]
[paltonmorgan.com/vedagim/assets/lib/font-awesome/fonts/fontawesome-webfontd41d.eot]
[paltonmorgan.com/vedagim/assets/lib/font-awesome/fonts/fontawesome-webfont3e6e.woff2]
[paltonmorgan.com/vedagim/assets/lib/font-awesome/fonts/fontawesome-webfont3e6e.woff]
[paltonmorgan.com/vedagim/assets/lib/font-awesome/fonts/fontawesome-webfont3e6e.ttf]
[paltonmorgan.com/rohuneg/litespeed/css/45cd46c1808b9de2013aa6192848570cde87.css]
[paltonmorgan.com/naresus/2021/01/BG.png]
[paltonmorgan.com/rohuneg/litespeed/css/3783750bf2a703d33caaab618a0c665895b7.css]
[paltonmorgan.com/naresus/2020/10/BG.png]
[paltonmorgan.com/rohuneg/litespeed/css/1d20442e19612e3c223108fb6ef4995f61c2.css]
[paltonmorgan.com/rohuneg/litespeed/css/cba1b93e1892bc5dd1e398b7f850bd156859.css]
[paltonmorgan.com/rohuneg/litespeed/css/fc36c2defaa67d5c6d130e5ed628ef6ac9ae.css]
[paltonmorgan.com/rohuneg/litespeed/css/424c9444a1907b824629355e7f5755b220ed.css]
[paltonmorgan.com/rohuneg/litespeed/css/5b3e7fc0bfa7743060f0d1e6c59ba9fc7134.css]
[paltonmorgan.com/rohuneg/litespeed/css/480d76ee724936634218cae00a61fe88aa23.css]
[paltonmorgan.com/rohuneg/litespeed/css/e5f87e952b0a82a48173012a6d99320fb5ca.css]
[paltonmorgan.com/rohuneg/litespeed/css/54c275cf50dfe9128b595df418b55c95c7f6.css]
[paltonmorgan.com/rohuneg/litespeed/css/9dcf1ffc8868b4ef78a5085a4ff8881f69ff.css]
[paltonmorgan.com/naresus/2021/01/BG-1.png]
[paltonmorgan.com/rohuneg/litespeed/css/ea8cc61a788f07c3b2ec1b02655af113f9f6.css]
[paltonmorgan.com/rohuneg/litespeed/css/962379ad20734d312282fda612852f1f1dc7.css]
[paltonmorgan.com/rohuneg/litespeed/css/afb21aec58c0c33889e918f0e470bb51dd3c.css]
[paltonmorgan.com/rohuneg/litespeed/css/556f2950b09c021af2e36a8d7b549fad2918.css]
[paltonmorgan.com/rohuneg/litespeed/css/9ca64c460f9b7a973a4a56ca43b951158b8c.css]
[paltonmorgan.com/rohuneg/litespeed/css/76ff8a361bfca65cf4a11580b9387361c7f7.css]
[paltonmorgan.com/rohuneg/litespeed/css/6c9f5997262adab36040dd42770d07b84b47.css]
[paltonmorgan.com/rohuneg/litespeed/css/2156272ddcd8e209b01a4cc8c7ab5f3555d3.css]
[paltonmorgan.com/rohuneg/litespeed/css/4e3146c42b760dee1aa12da62292a30d8b8d.css]
[paltonmorgan.com/rohuneg/litespeed/css/e04e9298009f995c1036452467f7e8fbbaf2.css]
[paltonmorgan.com/rohuneg/litespeed/css/8d7f3934e5a72d3b45b5d3c67149d549bf28.css]
[paltonmorgan.com/rohuneg/litespeed/css/b0335f030a8cb879a728415b1e0cd033bb9a.css]
[paltonmorgan.com/rohuneg/litespeed/css/1422abd3199e15bf7a5f41561891a3b5bd8a.css]
[www.googletagmanager.com/gtm5445.html]
[paltonmorgan.com/wp-json/wp/v2/pages/4962.json]
[paltonmorgan.com/wp-json/oembed/1.0/embedd7e5.json]
[paltonmorgan.com/wp-json/oembed/1.0/embed8e5e]
[paltonmorgan.com/contact/https_/paltonmorgan.com/pipujir/img/blank.gif]
[paltonmorgan.com/rohuneg/litespeed/js/3527641e82d0d58f84b82d22a6e19c5f253b.js]
[paltonmorgan.com/contact/index.html]
[paltonmorgan.com/wp-json/wp/v2/pages/4002.json]
[paltonmorgan.com/wp-json/oembed/1.0/embed0e11.json]
[paltonmorgan.com/wp-json/oembed/1.0/embed6b6a]
[paltonmorgan.com/about-us/https_/paltonmorgan.com/naresus/2021/02/about-us-final.jpg]
[paltonmorgan.com/naresus/2021/10/NEW-PMH-IMAGE-2021.png]
[paltonmorgan.com/about-us/https_/paltonmorgan.com/pipujir/img/blank.gif]
[paltonmorgan.com/about-us/index.html]
[paltonmorgan.com/wp-json/wp/v2/pages/4020.json]
[paltonmorgan.com/wp-json/oembed/1.0/embed6814.json]
[paltonmorgan.com/wp-json/oembed/1.0/embeda1c5]
[paltonmorgan.com/board-of-directors/https_/paltonmorgan.com/pipujir/img/blank.gif]
[paltonmorgan.com/naresus/2020/10/olubanwo-image.jpg]
[paltonmorgan.com/naresus/2020/10/Adeyinka-Copy-Copy.png]
[paltonmorgan.com/naresus/2020/10/adesope-directorrrr.jpg]
[paltonmorgan.com/naresus/2020/10/Chris-Ogbechie1.jpg]
[paltonmorgan.com/naresus/2020/10/Misan.jpg]
[paltonmorgan.com/naresus/2020/10/Nidal-Resized.jpg]
[paltonmorgan.com/naresus/2020/10/Headshot-3A-1.jpg]
[paltonmorgan.com/naresus/2020/10/Passport1-1-web.jpg]
[paltonmorgan.com/naresus/2020/10/Kunle-Ogunmefun.jpg]
[paltonmorgan.com/naresus/2020/10/Ronke-Bammeke.jpg]
[paltonmorgan.com/board-of-directors/index.html]
[paltonmorgan.com/wp-json/wp/v2/pages/4298.json]
[paltonmorgan.com/wp-json/oembed/1.0/embedfd8c.json]
[paltonmorgan.com/wp-json/oembed/1.0/embed6caa]
[paltonmorgan.com/management-team/https_/paltonmorgan.com/pipujir/img/blank.gif]
[paltonmorgan.com/naresus/2020/11/Modify-Levels-Layer-1.png]
[paltonmorgan.com/naresus/2019/10/african-american-business-man-street1111.png]
[paltonmorgan.com/naresus/2020/11/kermen-tutkunova-5771762unsplash.jpg]
[paltonmorgan.com/naresus/2022/03/2-31.jpg]
[paltonmorgan.com/naresus/2022/03/Ademola-Akintola-1-1.png]
[paltonmorgan.com/naresus/2022/03/333x321-1.jpg]
[paltonmorgan.com/naresus/2022/03/7-21.jpg]
[paltonmorgan.com/naresus/2022/03/6-21.jpg]
[paltonmorgan.com/naresus/2022/03/11-11.jpg]
[paltonmorgan.com/naresus/2022/03/8-2.jpg]
[paltonmorgan.com/naresus/2022/04/PMS-27-copy.jpg]
[paltonmorgan.com/naresus/2022/06/OB-head-legal.jpg]
[paltonmorgan.com/management-team/index.html]
[paltonmorgan.com/wp-json/wp/v2/pages/5986.json]
[paltonmorgan.com/wp-json/oembed/1.0/embedc395.json]
[paltonmorgan.com/wp-json/oembed/1.0/embedcfb2]
[paltonmorgan.com/naresus/2023/02/WhatsApp-Image-2022-10-26-at-16.26.55.jpg]
[paltonmorgan.com/naresus/2023/02/Rockhampton_Terraces1-art-scale-2_00x.jpg]
[paltonmorgan.com/naresus/2023/02/Rockhampton_Terraces3-art-scale-2_00x-1280x960.jpg]
[paltonmorgan.com/rockhampton/https_/paltonmorgan.com/pipujir/img/blank.gif]
[paltonmorgan.com/rockhampton/index.html]
[paltonmorgan.com/wp-json/wp/v2/pages/5953.json]
[paltonmorgan.com/wp-json/oembed/1.0/embed64e0.json]
[paltonmorgan.com/wp-json/oembed/1.0/embed5b5d]
[paltonmorgan.com/naresus/2023/02/P2203-01-V02-scaled-1.jpg]
[paltonmorgan.com/naresus/2023/02/P2203-01-V03-scaled-1.jpg]
[paltonmorgan.com/naresus/2023/02/Pool_To_Lagoon_02-scaled-1-1280x801.jpg]
[paltonmorgan.com/l5-banana/https_/paltonmorgan.com/pipujir/img/blank.gif]
[paltonmorgan.com/l5-banana/index.html]
[paltonmorgan.com/wp-json/wp/v2/pages/6001.json]
[paltonmorgan.com/wp-json/oembed/1.0/embed4ba2.json]
[paltonmorgan.com/wp-json/oembed/1.0/embed46b1]
[paltonmorgan.com/naresus/2023/02/Skyvilla-11.jpg]
[paltonmorgan.com/naresus/2023/02/Skyvilla-12-1.jpg]
[paltonmorgan.com/naresus/2023/02/skyvilla-pool-1280x1051.jpg]
[paltonmorgan.com/skyvilla/https_/paltonmorgan.com/pipujir/img/blank.gif]
[paltonmorgan.com/skyvilla/index.html]
[paltonmorgan.com/wp-json/wp/v2/pages/6058.json]
[paltonmorgan.com/wp-json/oembed/1.0/embed0476.json]
[paltonmorgan.com/wp-json/oembed/1.0/embed9b05]
[paltonmorgan.com/naresus/2023/02/Oceanna-bathroom.jpg]
[paltonmorgan.com/naresus/2023/02/oceann3.jpg]
[paltonmorgan.com/naresus/2023/02/oceann2-1.jpg]
[paltonmorgan.com/cerulean-towers/https_/paltonmorgan.com/pipujir/img/blank.gif]
[paltonmorgan.com/cerulean-towers/index.html]
[paltonmorgan.com/wp-json/wp/v2/pages/5951.json]
[paltonmorgan.com/wp-json/oembed/1.0/embeda982.json]
[paltonmorgan.com/wp-json/oembed/1.0/embed9020]
[paltonmorgan.com/naresus/2023/02/paramount2.jpg]
[paltonmorgan.com/naresus/2023/02/paramount-4.jpg]
[paltonmorgan.com/naresus/2023/02/paramount-bottom.jpg]
